// Jest Snapshot v1, https://goo.gl/fbAQLP

exports[`Video renders null if no id in video component 1`] = `""`;

exports[`Video renders video component correctly 1`] = `
<div
  className="video-container"
>
  <div
    className="video"
  >
    <iframe
      allow="autoplay; encrypted-media"
      allowFullScreen={true}
      frameBorder="0"
      height="350"
      src="https://www.youtube.com/embed/DqUQW3xyQ1c?autoplay=1"
      title="video"
      width="560"
    />
  </div>
</div>
`;
