// Jest Snapshot v1, https://goo.gl/fbAQLP

exports[`Subscription Empty subscriptions renders 1`] = `
<MenuItem>
  <div
    className="subscription"
  >
    <div>
      <Image
        as="img"
        avatar={true}
        src="http://via.placeholder.com/28x28"
        ui={true}
      />
      <span />
    </div>
  </div>
</MenuItem>
`;
