// Jest Snapshot v1, https://goo.gl/fbAQLP

exports[`Watch renders 1`] = `
<div
  className="watch-grid"
>
  <Video
    className="video"
    id="DqUQW3xyQ1c"
  />
  <VideoMetadata
    className="metadata"
    viewCount={1000}
  />
  <VideoInfoBox
    className="video-info-box"
  />
  <div
    className="comments"
  >
    Comments
  </div>
  <RelatedVideos
    className="related-videos"
  />
</div>
`;
